[INFO] Scanning for projects...
[INFO] Inspecting build with total of 13 modules...
[INFO] Not installing Nexus Staging features:
[INFO]  * Preexisting staging related goal bindings found in 13 modules.
[INFO] ------------------------------------------------------------------------
[INFO] Reactor Build Order:
[INFO] 
[INFO] RestComm GMLC :: restcomm-gmlc-parent                              [pom]
[INFO] Core                                                               [pom]
[INFO] Core : GMLC common Library                                         [jar]
[INFO] Core : Operations and Management : CLI                             [jar]
[INFO] Core : Domain                                                      [jar]
[INFO] Core : SLEE                                                        [pom]
[INFO] Core : SLEE : Services Parent                                      [pom]
[INFO] Core : SLEE : Library                                              [jar]
[INFO] Core : SLEE : Services Sbbs                                        [jar]
[INFO] Core : SLEE : GMLC Services DU                                     [jar]
[INFO] Core : Bootstrap                                                   [jar]
[INFO] Core : Bootstrap-Wildfly                                           [jar]
[INFO] RestComm GMLC :: Tools :: Parent                                   [pom]
[INFO] 
[INFO] --------------< org.mobicents.gmlc:restcomm-gmlc-parent >---------------
[INFO] Building RestComm GMLC :: restcomm-gmlc-parent 6.0.1-SNAPSHOT     [1/13]
[INFO]   from pom.xml
[INFO] --------------------------------[ pom ]---------------------------------
[INFO] 
[INFO] ----------------------< org.mobicents.gmlc:core >-----------------------
[INFO] Building Core 6.0.1-SNAPSHOT                                      [2/13]
[INFO]   from core\pom.xml
[INFO] --------------------------------[ pom ]---------------------------------
[INFO] 
[INFO] ---------------< org.mobicents.gmlc:gmlc-common-library >---------------
[INFO] Building Core : GMLC common Library 6.0.1-SNAPSHOT                [3/13]
[INFO]   from core\gmlc-common-library\pom.xml
[INFO] --------------------------------[ jar ]---------------------------------
[WARNING] The POM for org.restcomm.protocols.ss7.map:map-api:jar:9.0.0-318 is missing, no dependency information available
[WARNING] The POM for org.restcomm.protocols.ss7.map:map-impl:jar:9.0.0-318 is missing, no dependency information available
[INFO] ------------------------------------------------------------------------
[INFO] Reactor Summary for RestComm GMLC :: restcomm-gmlc-parent 6.0.1-SNAPSHOT:
[INFO] 
[INFO] RestComm GMLC :: restcomm-gmlc-parent .............. SUCCESS [  0.002 s]
[INFO] Core ............................................... SUCCESS [  0.001 s]
[INFO] Core : GMLC common Library ......................... FAILURE [  0.084 s]
[INFO] Core : Operations and Management : CLI ............. SKIPPED
[INFO] Core : Domain ...................................... SKIPPED
[INFO] Core : SLEE ........................................ SKIPPED
[INFO] Core : SLEE : Services Parent ...................... SKIPPED
[INFO] Core : SLEE : Library .............................. SKIPPED
[INFO] Core : SLEE : Services Sbbs ........................ SKIPPED
[INFO] Core : SLEE : GMLC Services DU ..................... SKIPPED
[INFO] Core : Bootstrap ................................... SKIPPED
[INFO] Core : Bootstrap-Wildfly ........................... SKIPPED
[INFO] RestComm GMLC :: Tools :: Parent ................... SKIPPED
[INFO] ------------------------------------------------------------------------
[INFO] BUILD FAILURE
[INFO] ------------------------------------------------------------------------
[INFO] Total time:  1.184 s
[INFO] Finished at: 2026-04-08T10:37:32+07:00
[INFO] ------------------------------------------------------------------------
[ERROR] Failed to execute goal on project gmlc-common-library: Could not resolve dependencies for project org.mobicents.gmlc:gmlc-common-library:jar:6.0.1-SNAPSHOT
[ERROR] dependency: org.restcomm.protocols.ss7.map:map-api:jar:9.0.0-318 (compile)
[ERROR] 	org.restcomm.protocols.ss7.map:map-api:jar:9.0.0-318 was not found in https://oss.sonatype.org/content/groups/public during a previous attempt. This failure was cached in the local repository and resolution is not reattempted until the update interval of mobicents-public-repository-group has elapsed or updates are forced
[ERROR] 	org.restcomm.protocols.ss7.map:map-api:jar:9.0.0-318 was not found in https://repository.jboss.org/nexus/content/groups/public during a previous attempt. This failure was cached in the local repository and resolution is not reattempted until the update interval of jboss-public-repository-group has elapsed or updates are forced
[ERROR] 	org.restcomm.protocols.ss7.map:map-api:jar:9.0.0-318 was not found in https://repository.jboss.org/nexus/content/repositories/thirdparty-releases during a previous attempt. This failure was cached in the local repository and resolution is not reattempted until the update interval of jboss-3rd-party-repository-group has elapsed or updates are forced
[ERROR] 	org.restcomm.protocols.ss7.map:map-api:jar:9.0.0-318 was not found in https://repository.jboss.org/nexus/content/repositories/thirdparty-upload during a previous attempt. This failure was cached in the local repository and resolution is not reattempted until the update interval of jboss-3rd-party-upload-repository-group has elapsed or updates are forced
[ERROR] 	org.restcomm.protocols.ss7.map:map-api:jar:9.0.0-318 was not found in https://download.java.net/maven/2/ during a previous attempt. This failure was cached in the local repository and resolution is not reattempted until the update interval of java.net-Public has elapsed or updates are forced
[ERROR] 	org.restcomm.protocols.ss7.map:map-api:jar:9.0.0-318 was not found in https://oss.sonatype.org/content/groups/public during a previous attempt. This failure was cached in the local repository and resolution is not reattempted until the update interval of restcomm-public-repository-group has elapsed or updates are forced
[ERROR] 	org.restcomm.protocols.ss7.map:map-api:jar:9.0.0-318 was not found in https://repository.jboss.org/nexus/content/repositories/deprecated/ during a previous attempt. This failure was cached in the local repository and resolution is not reattempted until the update interval of jboss-deprecated-repository has elapsed or updates are forced
[ERROR] 	org.restcomm.protocols.ss7.map:map-api:jar:9.0.0-318 was not found in https://repo.maven.apache.org/maven2 during a previous attempt. This failure was cached in the local repository and resolution is not reattempted until the update interval of central has elapsed or updates are forced
[ERROR] dependency: org.restcomm.protocols.ss7.map:map-impl:jar:9.0.0-318 (compile)
[ERROR] 	org.restcomm.protocols.ss7.map:map-impl:jar:9.0.0-318 was not found in https://oss.sonatype.org/content/groups/public during a previous attempt. This failure was cached in the local repository and resolution is not reattempted until the update interval of mobicents-public-repository-group has elapsed or updates are forced
[ERROR] 	org.restcomm.protocols.ss7.map:map-impl:jar:9.0.0-318 was not found in https://repository.jboss.org/nexus/content/groups/public during a previous attempt. This failure was cached in the local repository and resolution is not reattempted until the update interval of jboss-public-repository-group has elapsed or updates are forced
[ERROR] 	org.restcomm.protocols.ss7.map:map-impl:jar:9.0.0-318 was not found in https://repository.jboss.org/nexus/content/repositories/thirdparty-releases during a previous attempt. This failure was cached in the local repository and resolution is not reattempted until the update interval of jboss-3rd-party-repository-group has elapsed or updates are forced
[ERROR] 	org.restcomm.protocols.ss7.map:map-impl:jar:9.0.0-318 was not found in https://repository.jboss.org/nexus/content/repositories/thirdparty-upload during a previous attempt. This failure was cached in the local repository and resolution is not reattempted until the update interval of jboss-3rd-party-upload-repository-group has elapsed or updates are forced
[ERROR] 	org.restcomm.protocols.ss7.map:map-impl:jar:9.0.0-318 was not found in https://download.java.net/maven/2/ during a previous attempt. This failure was cached in the local repository and resolution is not reattempted until the update interval of java.net-Public has elapsed or updates are forced
[ERROR] 	org.restcomm.protocols.ss7.map:map-impl:jar:9.0.0-318 was not found in https://oss.sonatype.org/content/groups/public during a previous attempt. This failure was cached in the local repository and resolution is not reattempted until the update interval of restcomm-public-repository-group has elapsed or updates are forced
[ERROR] 	org.restcomm.protocols.ss7.map:map-impl:jar:9.0.0-318 was not found in https://repository.jboss.org/nexus/content/repositories/deprecated/ during a previous attempt. This failure was cached in the local repository and resolution is not reattempted until the update interval of jboss-deprecated-repository has elapsed or updates are forced
[ERROR] 	org.restcomm.protocols.ss7.map:map-impl:jar:9.0.0-318 was not found in https://repo.maven.apache.org/maven2 during a previous attempt. This failure was cached in the local repository and resolution is not reattempted until the update interval of central has elapsed or updates are forced
[ERROR] 
[ERROR] -> [Help 1]
[ERROR] 
[ERROR] To see the full stack trace of the errors, re-run Maven with the -e switch.
[ERROR] Re-run Maven using the -X switch to enable full debug logging.
[ERROR] 
[ERROR] For more information about the errors and possible solutions, please read the following articles:
[ERROR] [Help 1] http://cwiki.apache.org/confluence/display/MAVEN/DependencyResolutionException
[ERROR] 
[ERROR] After correcting the problems, you can resume the build with the command
[ERROR]   mvn <args> -rf :gmlc-common-library
